[+] Compiling file : tests/input/continuous_lw.txt
[+] Program compiled successfully !
[+] Executing program ...
[+] Executing in NON-BLOCKING MODE
---------- Execution logs ----------
[$] CYCLE 1-1 :
[#] Executing current instruction -> addi $s0, $zero, 1000
[#] Register contents -
	 $zero :          0		   $s0 :       1000
	   $at :          0		   $s1 :          0
	   $v0 :          0		   $s2 :          0
	   $v1 :          0		   $s3 :          0
	   $a0 :          0		   $s4 :          0
	   $a1 :          0		   $s5 :          0
	   $a2 :          0		   $s6 :          0
	   $a3 :          0		   $s7 :          0
	   $t0 :          0		   $t8 :          0
	   $t1 :          0		   $t9 :          0
	   $t2 :          0		   $k0 :          0
	   $t3 :          0		   $k1 :          0
	   $t4 :          0		   $gp :          0
	   $t5 :          0		   $sp :    1048576
	   $t6 :          0		   $fp :          0
	   $t7 :          0		   $ra :          0
[#] Row buffer updates:
[#] Memory updates:
[#] Remarks: 
============================================================
[$] CYCLE 2-2 :
[#] Executing current instruction -> lw $t0, 0($s0)
[#] Register contents -
[#] Row buffer updates:
[#] Memory updates:
[#] Remarks: 
	DRAM request issued
============================================================
[$] CYCLE 3-3 :
[#] Executing current instruction -> lw $t0, 4($s0)
[#] Register contents -
[#] Row buffer updates:
[#] Memory updates:
[#] Remarks: 
	DRAM request issued
============================================================
[$] CYCLE 4-4 :
[#] Executing current instruction -> lw $t0, 8($s0)
[#] Register contents -
[#] Row buffer updates:
[#] Memory updates:
[#] Remarks: 
	DRAM request issued
============================================================
[$] CYCLE 5-5 :
[#] Executing current instruction -> lw $t0, 16($s0)
[#] Register contents -
[#] Row buffer updates:
[#] Memory updates:
[#] Remarks: 
	DRAM request issued
============================================================
[$] CYCLE 6-6 :
[#] Executing current instruction -> lw $t0, 20($s0)
[#] Register contents -
[#] Row buffer updates:
[#] Memory updates:
[#] Remarks: 
	DRAM request issued
============================================================
[$] CYCLE 7-7 :
[#] Executing current instruction -> lw $t0, 24($s0)
[#] Register contents -
[#] Row buffer updates:
[#] Memory updates:
[#] Remarks: 
	DRAM request issued
============================================================
[$] CYCLE 8-8 :
[#] Executing current instruction -> lw $t0, 28($s0)
[#] Register contents -
[#] Row buffer updates:
[#] Memory updates:
[#] Remarks: 
	DRAM request issued
============================================================
[$] CYCLE 3-12 :
[#] Executing current instruction -> 
[#] Register contents -
[#] Row buffer updates:
[#] Memory updates:
[#] Remarks: 
	DRAM: activating row 0
============================================================
[$] CYCLE 13-14 :
[#] Executing current instruction -> 
[#] Register contents -
[#] Row buffer updates:
[#] Memory updates:
[#] Remarks: 
	DRAM: Read 0 from row buffer @ 1000 to register: $t0
============================================================
[$] CYCLE 15-24 :
[#] Executing current instruction -> 
[#] Register contents -
[#] Row buffer updates:
[#] Memory updates:
[#] Remarks: 
	DRAM: flushing row buffer to memory for row: 0
============================================================
[$] CYCLE 25-34 :
[#] Executing current instruction -> 
[#] Register contents -
[#] Row buffer updates:
[#] Memory updates:
[#] Remarks: 
	DRAM: activating row 1
============================================================
[$] CYCLE 35-36 :
[#] Executing current instruction -> 
[#] Register contents -
	 $zero :          0		   $s0 :       1000
	   $at :          0		   $s1 :          0
	   $v0 :          0		   $s2 :          0
	   $v1 :          0		   $s3 :          0
	   $a0 :          0		   $s4 :          0
	   $a1 :          0		   $s5 :          0
	   $a2 :          0		   $s6 :          0
	   $a3 :          0		   $s7 :          0
	   $t0 :          0		   $t8 :          0
	   $t1 :          0		   $t9 :          0
	   $t2 :          0		   $k0 :          0
	   $t3 :          0		   $k1 :          0
	   $t4 :          0		   $gp :          0
	   $t5 :          0		   $sp :    1048576
	   $t6 :          0		   $fp :          0
	   $t7 :          0		   $ra :          0
[#] Row buffer updates:
[#] Memory updates:
[#] Remarks: 
	DRAM: Read 0 from row buffer @ 1028 to register: $t0
============================================================
---------- Execution statistics ----------
[#] Clock cycles: 36
[#] Number of row buffer updates: 2
[#] Updated memory : 
[+] Program terminated
