[*] Executing test case - 19*4-69*--2-68-9***
[*] Correct --- Expected Error, Got : Error
    ====================================================================================================
[*] Executing test case - 194581++9+8*+5++-**
[*] Correct --- Expected Error, Got : Error
    ====================================================================================================
[*] Executing test case - 71*6*23++527*-*46*-+
[*] Correct --- Expected Error, Got : Error
    ====================================================================================================
[*] Executing test case - 516--221+60-39--+--*
[*] Correct --- Expected Error, Got : Error
    ====================================================================================================
[*] Executing test case - 37+9+-73+*-0*251*0-*-
[*] Correct --- Expected Error, Got : Error
    ====================================================================================================
[*] Executing test case - 555--68*8**87*45*+--++
[*] Correct --- Expected Error, Got : Error
    ====================================================================================================
[*] Executing test case - 26082530*35*--+*-*-***
[*] Correct --- Expected Error, Got : Error
    ====================================================================================================
[*] Executing test case - 19*43-+*-55*+7266*-+*
[*] Correct --- Expected Error, Got : Error
    ====================================================================================================
[*] Executing test case - 86*778+6379+*-2*+***-
[*] Correct --- Expected Error, Got : Error
    ====================================================================================================
[*] Executing test case - 89-04-*972-+*-06-+*5-+*
[*] Correct --- Expected Error, Got : Error
    ====================================================================================================
