[*] Executing test case - 747*04584+36*+**-/-
[*] Correct --- Expected Error, Got : Error
    ====================================================================================================
[*] Executing test case - 121*+0-04+-9*08+0^+
[*] Correct --- Expected Error, Got : Error
    ====================================================================================================
[*] Executing test case - 93-9-8+592252+%+*-+
[*] Correct --- Expected Error, Got : Error
    ====================================================================================================
[*] Executing test case - 0333627-+-860*/-+-*
[*] Correct --- Expected Error, Got : Error
    ====================================================================================================
[*] Executing test case - 73+0*1^1-025*36***-
[*] Correct --- Expected Error, Got : Error
    ====================================================================================================
[*] Executing test case - 47+20+56649%*++5+--
[*] Correct --- Expected Error, Got : Error
    ====================================================================================================
[*] Executing test case - 8614**9*715-3/-7-**
[*] Correct --- Expected Error, Got : Error
    ====================================================================================================
[*] Executing test case - 94*20--024*84^-9**-
[*] Correct --- Expected Error, Got : Error
    ====================================================================================================
[*] Executing test case - 2388*-5/42*6*-27%**
[*] Correct --- Expected Error, Got : Error
    ====================================================================================================
