[*] Executing test case - 14*07*+69*91-3++15+6**-0*64-+
[+] Test Passed
[*] Expected value: 2, Computed value: 2
    ====================================================================================================
[*] Executing test case - 8526+9+49*-+3**2+6-7-3430-**-
[+] Test Passed
[*] Expected value: -383, Computed value: -383
    ====================================================================================================
[*] Executing test case - 27*2*3+326**24-1+-9+0*-0*0+6+
[+] Test Passed
[*] Expected value: 6, Computed value: 6
    ====================================================================================================
[*] Executing test case - 32*0229-2--561-*-36*63*9++*+-
[+] Test Passed
[*] Expected value: 636, Computed value: 636
    ====================================================================================================
[*] Executing test case - 891-+3+0*5+5+616+**7+88*78+**
[+] Test Passed
[*] Expected value: 409920, Computed value: 409920
    ====================================================================================================
[*] Executing test case - 819*+6383+092*1-6-*16*-+--0+*
[+] Test Passed
[*] Expected value: 136, Computed value: 136
    ====================================================================================================
[*] Executing test case - 51*1*3+0+2+01--26+*0*15-36+*-
[+] Test Passed
[*] Expected value: 36, Computed value: 36
    ====================================================================================================
[*] Executing test case - 0827--+3540--*8656079-*+**-++
[+] Test Passed
[*] Expected value: -156, Computed value: -156
    ====================================================================================================
[*] Executing test case - 254*82-6-3-*6*78*-09-595---**
[+] Test Passed
[*] Expected value: 8320, Computed value: 8320
    ====================================================================================================
[*] Executing test case - 4158--+3+1+9*06+*6+9+2+1+56-+
[+] Test Passed
[*] Expected value: 665, Computed value: 665
    ====================================================================================================
[*] Executing test case - 798-4++94--17602+-82+-48+--+-
[+] Test Passed
[*] Expected value: -19, Computed value: -19
    ====================================================================================================
[*] Executing test case - 09*993*5++3*1+66+723+*1-9*-*+
[+] Test Passed
[*] Expected value: -36456, Computed value: -36456
    ====================================================================================================
[*] Executing test case - 8336-++0-2+2+0+8+76+87-56**-+
[+] Test Passed
[*] Expected value: 3, Computed value: 3
    ====================================================================================================
[*] Executing test case - 320+6--1*13-89+-+98*-8*7-50-*
[+] Test Passed
[*] Expected value: -3395, Computed value: -3395
    ====================================================================================================
[*] Executing test case - 777-0*08*3*-41+4+-7-15++-0-8*
[+] Test Passed
[*] Expected value: 136, Computed value: 136
    ====================================================================================================
[*] Passed 15/15 test cases!
