[*] Executing test case - 921*+5*1*04+7365***63+9+75++-+1*492++*-
[+] Test Passed
[*] Expected value: -9005, Computed value: -9005
    ====================================================================================================
[*] Executing test case - 07-1+0+6-2-512+3**11444415*+*4*-7**+*-*
[+] Test Passed
[*] Expected value: -55496, Computed value: -55496
    ====================================================================================================
[*] Executing test case - 8187-8-9+3-625-9++87-9-569+802-+*++++*+
[+] Test Passed
[*] Expected value: 106, Computed value: 106
    ====================================================================================================
[*] Executing test case - 132+800--615+*8*-22+*+1-79-15-*-02-*8*+
[+] Test Passed
[*] Expected value: 17985, Computed value: 17985
    ====================================================================================================
[*] Executing test case - 263563+---9-52**48*62**9283*24+4+-+-+**
[+] Test Passed
[*] Expected value: -75400, Computed value: -75400
    ====================================================================================================
[*] Executing test case - 00-5+6+672*1**8-+96-*9+22+-8+49-6*-1+0*
[+] Test Passed
[*] Expected value: 0, Computed value: 0
    ====================================================================================================
[*] Executing test case - 4311+20-1-5-*0-37-**2*10-137*--796+-***
[+] Test Passed
[*] Expected value: -129024, Computed value: -129024
    ====================================================================================================
[*] Executing test case - 65*7-65+2-*55**481**9+29-2*+*55-+99--5*
[+] Test Passed
[*] Expected value: 698625, Computed value: 698625
    ====================================================================================================
[*] Executing test case - 78+84-+803615*322602-3+*+8-2*1**-++++++
[+] Test Passed
[*] Expected value: 44, Computed value: 44
    ====================================================================================================
[*] Executing test case - 50-3*273+8-7-9-6-6*3-3664*1+-919*+**+++
[+] Test Passed
[*] Expected value: -1132, Computed value: -1132
    ====================================================================================================
[*] Executing test case - 541+3**30--36**7+681+*1*7*8+*4*4-3-5-8+
[+] Test Passed
[*] Expected value: 2011828, Computed value: 2011828
    ====================================================================================================
[*] Executing test case - 98666+449-75+749*5**29911+8*-++*-*--+-+
[+] Test Passed
[*] Expected value: -25137, Computed value: -25137
    ====================================================================================================
[*] Executing test case - 88-07+3703280+---*+-55132*-6-40*2+---**
[+] Test Passed
[*] Expected value: 0, Computed value: 0
    ====================================================================================================
[*] Executing test case - 9276478984+0--+4**966-78-+-9--++1-+-7++
[+] Test Passed
[*] Expected value: -137, Computed value: -137
    ====================================================================================================
[*] Executing test case - 694-070*-577-4-1+-7*5+8+6*79*-+-2+*8+8-
[+] Test Passed
[*] Expected value: -2064, Computed value: -2064
    ====================================================================================================
[*] Executing test case - 373*8670*965*334568+7+*+*82*0+-++**++-*
[+] Test Passed
[*] Expected value: 21, Computed value: 21
    ====================================================================================================
[*] Executing test case - 505+1975*01+3**5-*76+-4+6085--6+8**-+-+
[+] Test Passed
[*] Expected value: -738, Computed value: -738
    ====================================================================================================
[*] Executing test case - 914--3*9-4+7-7-799*++570+0+1+**7*1-5+8-
[+] Test Passed
[*] Expected value: 29396, Computed value: 29396
    ====================================================================================================
[*] Executing test case - 35-829-5+640*86*2-0031755-1*+*-*-+----*
[+] Test Passed
[*] Expected value: -124, Computed value: -124
    ====================================================================================================
[*] Executing test case - 065+-6-2+5+6+7*6+4+12*-8*8-9+7+37+02-+-
[+] Test Passed
[*] Expected value: -160, Computed value: -160
    ====================================================================================================
[*] Passed 20/20 test cases!
