[*] Executing test case - 13*1018-5+-**3*5+9+
[+] Test Passed
[*] Expected value: 32, Computed value: 32
    ====================================================================================================
[*] Executing test case - 3906+5+-+9*6+8+36+*
[+] Test Passed
[*] Expected value: 207, Computed value: 207
    ====================================================================================================
[*] Executing test case - 4779-9+2*-+964*+2*-
[+] Test Passed
[*] Expected value: -69, Computed value: -69
    ====================================================================================================
[*] Executing test case - 65-4*920-991+*0---*
[+] Test Passed
[*] Expected value: 388, Computed value: 388
    ====================================================================================================
[*] Executing test case - 53639+**-8*6*9-6*4+
[+] Test Passed
[*] Expected value: -60818, Computed value: -60818
    ====================================================================================================
[*] Executing test case - 027*1+23-4-6-+3*-8+
[+] Test Passed
[*] Expected value: -4, Computed value: -4
    ====================================================================================================
[*] Executing test case - 72+0+5*5*7+2551--+*
[+] Test Passed
[*] Expected value: 696, Computed value: 696
    ====================================================================================================
[*] Executing test case - 21-6-9225355--++-+-
[+] Test Passed
[*] Expected value: -6, Computed value: -6
    ====================================================================================================
[*] Executing test case - 072*4+-18591-0*+*+-
[+] Test Passed
[*] Expected value: -59, Computed value: -59
    ====================================================================================================
[*] Executing test case - 6785+562-362*++*-+-
[+] Test Passed
[*] Expected value: 81, Computed value: 81
    ====================================================================================================
[*] Executing test case - 78*660-59++4**4-+1+
[+] Test Passed
[*] Expected value: 533, Computed value: 533
    ====================================================================================================
[*] Executing test case - 74*1+14-0+-0+628+-*
[+] Test Passed
[*] Expected value: -128, Computed value: -128
    ====================================================================================================
[*] Executing test case - 26*69-*7520+19-+*+*
[+] Test Passed
[*] Expected value: 828, Computed value: 828
    ====================================================================================================
[*] Executing test case - 40-8*30*56++49+*6**
[+] Test Passed
[*] Expected value: 27456, Computed value: 27456
    ====================================================================================================
[*] Executing test case - 81-0+6*502187*-+-+-
[+] Test Passed
[*] Expected value: -16, Computed value: -16
    ====================================================================================================
[*] Executing test case - 95-77++6-8620**2*--
[+] Test Passed
[*] Expected value: 4, Computed value: 4
    ====================================================================================================
[*] Executing test case - 93-1*6-56*-9*3-08*-
[+] Test Passed
[*] Expected value: -273, Computed value: -273
    ====================================================================================================
[*] Executing test case - 06+5+7-587**9+7-+2*
[+] Test Passed
[*] Expected value: 572, Computed value: 572
    ====================================================================================================
[*] Executing test case - 25*79-6+*8*9*8-27+-
[+] Test Passed
[*] Expected value: 2863, Computed value: 2863
    ====================================================================================================
[*] Executing test case - 312+63---56+409++++
[+] Test Passed
[*] Expected value: 27, Computed value: 27
    ====================================================================================================
[*] Passed 20/20 test cases!
