[*] Executing test case - 2222222222222222222222222222222******************************
[*] Overflow occured
    ====================================================================================================
[*] Executing test case - 33333333333333333333*******************
[*] Overflow occured
    ====================================================================================================
[*] Executing test case - 4444444444444444***************
[*] Overflow occured
    ====================================================================================================
[*] Executing test case - 55555555555555*************
[*] Overflow occured
    ====================================================================================================
[*] Executing test case - 666666666666***********
[*] Overflow occured
    ====================================================================================================
[*] Executing test case - 777777777777***********
[*] Overflow occured
    ====================================================================================================
[*] Executing test case - 88888888888**********
[*] Overflow occured
    ====================================================================================================
[*] Executing test case - 9999999999*********
[*] Overflow occured
    ====================================================================================================
